Could not get MassmailSettings: no such table: settings_massmailsettings
Found 182 test(s).
Operations to perform:
  Synchronize unmigrated apps: messages, staticfiles
  Apply all migrations: admin, analytics, auth, chat, common, contenttypes, crm, help, massmail, sessions, settings, sites, tasks, voip
Synchronizing apps without migrations:
  Creating tables...
    Running deferred SQL...
Running migrations:
  Applying contenttypes.0001_initial... OK
  Applying auth.0001_initial... OK
  Applying admin.0001_initial... OK
  Applying admin.0002_logentry_remove_auto_add... OK
  Applying admin.0003_logentry_add_action_flag_choices... OK
  Applying contenttypes.0002_remove_content_type_name... OK
  Applying auth.0002_alter_permission_name_max_length... OK
  Applying auth.0003_alter_user_email_max_length... OK
  Applying auth.0004_alter_user_username_opts... OK
  Applying auth.0005_alter_user_last_login_null... OK
  Applying auth.0006_require_contenttypes_0002... OK
  Applying auth.0007_alter_validators_add_error_messages... OK
  Applying auth.0008_alter_user_username_max_length... OK
  Applying auth.0009_alter_user_last_name_max_length... OK
  Applying auth.0010_alter_group_name_max_length... OK
  Applying auth.0011_update_proxy_permissions... OK
  Applying auth.0012_alter_user_first_name_max_length... OK
  Applying crm.0001_initial... OK
  Applying analytics.0001_initial... OK
  Applying analytics.0002_initial... OK
  Applying chat.0001_initial... OK
  Applying common.0001_initial... OK
  Applying common.0002_initial... OK
  Applying massmail.0001_initial... OK
  Applying crm.0002_initial... OK
  Applying help.0001_initial... OK
  Applying sessions.0001_initial... OK
  Applying settings.0001_initial... OK
  Applying sites.0001_initial... OK
  Applying sites.0002_alter_domain_unique... OK
  Applying tasks.0001_initial... OK
  Applying voip.0001_initial... OK
System check identified no issues (0 silenced).
Run Test Method: test_chat_in_deal
Run Test Method: test_chat_in_memo
Run Test Method: test_chat_in_project
Run Test Method: test_chat_in_task
Run Test Method: test_pagination_num_pages_15
Run Test Method: test_pagination_num_pages_less_10
Run Test Method: test_paginator_number_i_DOT
Run Test Method: test_paginator_number_i_not_page_num
Run Test Method: test_paginator_number_i_page_num
Run Test Method: test_task_reminder
Run Test Method: test_userprofile
Run Test Method: test_save_message
 Run Test Method: test_secure_url
Run Test Method: test_user_transfer
 Run Test Method: test_currency_rate_backend
 Run Test Method: test_currency_rate_backend_http_error
 Run Test Method: test_currency_rate_backend_json_error
 Run Test Method: test_currency_rate_backend_request_exception
Run Test Method: test_add_invalid_phone
Run Test Method: test_add_request
Run Test Method: test_add_company
Run Test Method: test_change_company
Run Test Method: test_fix_company_by_admin
Run Test Method: test_add_contact
Run Test Method: test_change_contact
Run Test Method: test_fix_contact_by_admin
Run Test Method: test_create_contact_email_request_with_file
Run Test Method: test_create_lead_email_request
Run Test Method: test_create_new_contact_email_request
Run Test Method: test_create_new_lead_email_request
Run Test Method: test_add_currency
Run Test Method: test_add_wrong_currency
Run Test Method: test_change_currency
Run Test Method: test_change_next_step
Run Test Method: test_co_owner_changes_next_step
Run Test Method: test_deal_changelist
Run Test Method: test_deal_doesnt_exists
Run Test Method: test_fix_deal_by_admin
Run Test Method: test_for_chief
Run Test Method: test_product_is_shipped
Run Test Method: test_remind_me
Run Test Method: test_unreceived_payments_deletion_of_deactivated_deal
Run Test Method: test_attach_email_file_to_deal
Run Test Method: test_form_not_enough_data
Run Test Method: test_form_save
Run Test Method: test_forward_email
Run Test Method: test_reply_email
Run Test Method: test_save_new_email
Run Test Method: test_view_non_existent_email
Run Test Method: test_add_industry
Run Test Method: test_add_lead
Run Test Method: test_change_lead
Run Test Method: test_fix_lead_by_admin
Run Test Method: test_form_not_enough_data_to_convert
Run Test Method: test_form_with_enough_data_to_convert
Run Test Method: test_lead_conversion
Run Test Method: test_lead_conversion_new_contact
Run Test Method: test_lead_conversion_with_specified_company_and_contact
Run Test Method: test_multiple_companies
Run Test Method: test_add_leadsource
Run Test Method: test_clean_method
Run Test Method: test_creation_new_contact
Run Test Method: test_creation_new_lead
Run Test Method: test_deal_creation
Run Test Method: test_find_company
Run Test Method: test_find_contact
Run Test Method: test_find_lead
Run Test Method: test_no_contact_or_lead
Run Test Method: test_request_doesnt_exists
Run Test Method: test_change_massconts
Run Test Method: test_delete_massconts
Run Test Method: test_check_city
 Run Test Method: test_get_counterparty_name
Run Test Method: test_account
Run Test Method: test_contact
Run Test Method: test_change_owner_view
Run Test Method: test_create_email_from_deal_page
Run Test Method: test_create_email_from_deal_page_with_file
Run Test Method: test_create_email_to_company
Run Test Method: test_create_email_to_contact
Run Test Method: test_create_email_to_lead
Run Test Method: test_delete_duplicate_company
Run Test Method: test_delete_duplicate_contact
Run Test Method: test_delete_duplicate_lead
Run Test Method: test_get_email_body
Run Test Method: test_get_email_body_with_file
Run Test Method: test_alternative_country_name
Run Test Method: test_create_company_contact
Run Test Method: test_get_request
Run Test Method: test_iframe_request
Run Test Method: test_invalid_form_data
Run Test Method: test_invalid_form_leadsource_token
Run Test Method: test_the_lead
Run Test Method: test_the_request
Run Test Method: test_the_request_email
Run Test Method: test_wrong_country_name
Run Test Method: test_add_help_page
Run Test Method: test_availability_for_managers
Run Test Method: test_inaccessibility_for_chiefs
Run Test Method: test_make_mailing_out
Run Test Method: test_merge_mailing_outs
Run Test Method: test_merge_with_multiple_content_types
Run Test Method: test_multiple_owners
Run Test Method: test_specify_vip_recipients
Run Test Method: test_add_emlmessage
Run Test Method: test_change_company
Run Test Method: test_fix_company_by_admin
Run Test Method: test_make_company_massmail
Run Test Method: test_make_contact_massmail
Run Test Method: test_no_account_for_massmail
Run Test Method: test_file_not_found_error
Run Test Method: test_send_2_recipient
Run Test Method: test_send_without_message
Run Test Method: test_get_refresh_token_success_error
Run Test Method: test_get_refresh_token_success_success
Run Test Method: test_get_refresh_token_success_without_code
Run Test Method: test_request_authorization_code
Run Test Method: test_request_authorization_code_no_data
Run Test Method: test_message_copy
Run Test Method: test_message_preview
 Run Test Method: test_redirects_to_company_massmail_when_choice_is_company
 Run Test Method: test_redirects_to_contact_massmail_when_choice_is_contact
 Run Test Method: test_renders_form_when_request_is_get
 Run Test Method: test_shows_warning_and_redirects_to_lead_list_when_choice_is_lead
Run Test Method: test_send_test_massmail
Run Test Method: test_send_with_one_eml_account
Run Test Method: test_html_signature_preview
Run Test Method: test_txt_signature_preview
 Run Test Method: test_unsubscribe
Run Test Method: test_number_responsible
Run Test Method: test_draft_memo_creation
Run Test Method: test_memo_consideration
Run Test Method: test_memo_consideration_with_project
Run Test Method: test_memo_consideration_with_project_and_another_file
Run Test Method: test_memo_consideration_with_task
Run Test Method: test_memo_consideration_with_task_and_another_file
Run Test Method: test_memo_creation
Run Test Method: test_memo_doesnt_exists
Run Test Method: test_close_project
Run Test Method: test_completed_button
Run Test Method: test_creation_project_with_file
Run Test Method: test_fix_project_by_admin
Run Test Method: test_project_doesnt_exists
Run Test Method: test_add_projecttage
Run Test Method: test_add_resolution
 Run Test Method: test_cannot_create_task_for_another
 Run Test Method: test_close_task
 Run Test Method: test_co_owner_task
 Run Test Method: test_completed_button
 Run Test Method: test_completed_button_in_main_task
 Run Test Method: test_create_subtask_for_another
 Run Test Method: test_create_subtask_for_not_responsible
 Run Test Method: test_create_task_for_yourself
 Run Test Method: test_creation_task_with_file
 Run Test Method: test_deactivating_supertask
 Run Test Method: test_fix_task_by_admin
 Run Test Method: test_subtask_completed_in_email
 Run Test Method: test_subtask_completion_notification
 Run Test Method: test_task_completed_in_email
 Run Test Method: test_task_doesnt_exists
 Run Test Method: test_task_sequence_in_changelist_view
Run Test Method: test_add_taskstage
 Run Test Method: test_admin_apps_menu_changelists
 Run Test Method: test_admin_apps_models_perms
 Run Test Method: test_apps_menu_changelists
 Run Test Method: test_apps_models_perms
 Run Test Method: test_versions
Python version 3.12.10
Django version 5.2.4
 Run Test Method: test_setupdata
Installed 543 object(s) from 17 fixture(s)
Run Test Method: test_notification_email_sender
Run Test Method: test_first_name_and_last_name
Run Test Method: test_full_name
Run Test Method: test_name_prefix
Run Test Method: test_no_name
Run Test Method: test_obj_contacts_name
Run Test Method: test_export_import_company
Run Test Method: test_export_import_contacts
Run Test Method: test_get_rates
Currency exchange rate download test skipped due to settings.
Run Test Method: test_handle_exception
Run Test Method: test_restore_incoming_email
Run Test Method: test_restore_incoming_email_with_ticked
Run Test Method: test_restore_inquiry_email
